

================================================================
== Vivado HLS Report for 'SM3Calc'
================================================================
* Date:           Sat Mar 13 22:42:58 2021

* Version:        2019.1 (Build 2552052 on Fri May 24 15:28:33 MDT 2019)
* Project:        SM3
* Solution:       solution1
* Product family: virtex7
* Target device:  xc7vx980t-ffg1930-2


================================================================
== Performance Estimates
================================================================
+ Timing (ns): 
    * Summary: 
    +--------+-------+----------+------------+
    |  Clock | Target| Estimated| Uncertainty|
    +--------+-------+----------+------------+
    |ap_clk  |  10.00|     7.197|        1.25|
    +--------+-------+----------+------------+

+ Latency (clock cycles): 
    * Summary: 
    +-----+-----+-----+-----+---------+
    |  Latency  |  Interval | Pipeline|
    | min | max | min | max |   Type  |
    +-----+-----+-----+-----+---------+
    |  611|  611|  611|  611|   none  |
    +-----+-----+-----+-----+---------+

    + Detail: 
        * Instance: 
        +--------------------------------+---------------------+-----+-----+-----+-----+---------+
        |                                |                     |  Latency  |  Interval | Pipeline|
        |            Instance            |        Module       | min | max | min | max |   Type  |
        +--------------------------------+---------------------+-----+-----+-----+-----+---------+
        |grp_processmessageblock_fu_297  |processmessageblock  |  507|  507|  507|  507|   none  |
        +--------------------------------+---------------------+-----+-----+-----+-----+---------+

        * Loop: 
        +----------+-----+-----+----------+-----------+-----------+------+----------+
        |          |  Latency  | Iteration|  Initiation Interval  | Trip |          |
        | Loop Name| min | max |  Latency |  achieved |   target  | Count| Pipelined|
        +----------+-----+-----+----------+-----------+-----------+------+----------+
        |- Loop 1  |   64|   64|         2|          -|          -|    32|    no    |
        |- Loop 2  |   16|   16|         1|          -|          -|    16|    no    |
        |- Loop 3  |   16|   16|         2|          -|          -|     8|    no    |
        +----------+-----+-----+----------+-----------+-----------+------+----------+



================================================================
== Utilization Estimates
================================================================
* Summary: 
+-----------------+---------+-------+---------+--------+-----+
|       Name      | BRAM_18K| DSP48E|    FF   |   LUT  | URAM|
+-----------------+---------+-------+---------+--------+-----+
|DSP              |        -|      -|        -|       -|    -|
|Expression       |        -|      -|        0|   17400|    -|
|FIFO             |        -|      -|        -|       -|    -|
|Instance         |        3|      -|      875|    2449|    0|
|Memory           |        2|      -|       64|       8|    0|
|Multiplexer      |        -|      -|        -|     316|    -|
|Register         |        -|      -|     1066|       -|    -|
+-----------------+---------+-------+---------+--------+-----+
|Total            |        5|      0|     2005|   20173|    0|
+-----------------+---------+-------+---------+--------+-----+
|Available        |     3000|   3600|  1224000|  612000|    0|
+-----------------+---------+-------+---------+--------+-----+
|Utilization (%)  |    ~0   |      0|    ~0   |       3|    0|
+-----------------+---------+-------+---------+--------+-----+

+ Detail: 
    * Instance: 
    +--------------------------------+---------------------+---------+-------+-----+------+-----+
    |            Instance            |        Module       | BRAM_18K| DSP48E|  FF |  LUT | URAM|
    +--------------------------------+---------------------+---------+-------+-----+------+-----+
    |grp_processmessageblock_fu_297  |processmessageblock  |        3|      0|  875|  2449|    0|
    +--------------------------------+---------------------+---------+-------+-----+------+-----+
    |Total                           |                     |        3|      0|  875|  2449|    0|
    +--------------------------------+---------------------+---------+-------+-----+------+-----+

    * DSP48E: 
    N/A

    * Memory: 
    +--------------------+----------------------+---------+----+----+-----+------+-----+------+-------------+
    |       Memory       |        Module        | BRAM_18K| FF | LUT| URAM| Words| Bits| Banks| W*Bits*Banks|
    +--------------------+----------------------+---------+----+----+-----+------+-----+------+-------------+
    |intermediateHash_U  |SM3Calc_intermedieOg  |        2|   0|   0|    0|     8|   32|     1|          256|
    |messageBlock_U      |SM3Calc_messageBldEe  |        0|  64|   8|    0|    16|   32|     1|          512|
    +--------------------+----------------------+---------+----+----+-----+------+-----+------+-------------+
    |Total               |                      |        2|  64|   8|    0|    24|   64|     2|          768|
    +--------------------+----------------------+---------+----+----+-----+------+-----+------+-------------+

    * FIFO: 
    N/A

    * Expression: 
    +--------------------------+----------+-------+---+------+------------+------------+
    |       Variable Name      | Operation| DSP48E| FF|  LUT | Bitwidth P0| Bitwidth P1|
    +--------------------------+----------+-------+---+------+------------+------------+
    |i_6_fu_528_p2             |     +    |      0|  0|    15|           5|           1|
    |i_7_fu_664_p2             |     +    |      0|  0|    13|           4|           1|
    |i_fu_309_p2               |     +    |      0|  0|    15|           6|           1|
    |sub_ln216_fu_330_p2       |     -    |      0|  0|    18|          11|          10|
    |sub_ln224_1_fu_587_p2     |     -    |      0|  0|    17|          10|          10|
    |sub_ln224_2_fu_616_p2     |     -    |      0|  0|    17|           9|          10|
    |sub_ln224_fu_575_p2       |     -    |      0|  0|    17|          10|          10|
    |and_ln212_1_fu_504_p2     |    and   |      0|  0|   512|         512|         512|
    |and_ln212_2_fu_510_p2     |    and   |      0|  0|   512|         512|         512|
    |and_ln212_fu_492_p2       |    and   |      0|  0|   512|         512|         512|
    |p_Result_s_fu_642_p2      |    and   |      0|  0|   512|         512|         512|
    |icmp_ln210_fu_303_p2      |   icmp   |      0|  0|    11|           6|           7|
    |icmp_ln212_fu_390_p2      |   icmp   |      0|  0|    11|           8|           8|
    |icmp_ln222_fu_522_p2      |   icmp   |      0|  0|    11|           5|           6|
    |icmp_ln224_fu_552_p2      |   icmp   |      0|  0|    13|           9|           9|
    |icmp_ln236_fu_658_p2      |   icmp   |      0|  0|    11|           4|           5|
    |lshr_ln212_fu_486_p2      |   lshr   |      0|  0|  2171|           2|         512|
    |lshr_ln224_1_fu_636_p2    |   lshr   |      0|  0|  2171|           2|         512|
    |lshr_ln224_fu_630_p2      |   lshr   |      0|  0|  2171|         512|         512|
    |or_ln212_fu_384_p2        |    or    |      0|  0|     8|           8|           3|
    |or_ln224_fu_546_p2        |    or    |      0|  0|     9|           9|           5|
    |p_Result_1_fu_516_p2      |    or    |      0|  0|   512|         512|         512|
    |select_ln212_1_fu_422_p3  |  select  |      0|  0|    10|           1|          10|
    |select_ln212_2_fu_430_p3  |  select  |      0|  0|    10|           1|          10|
    |select_ln212_3_fu_472_p3  |  select  |      0|  0|   512|           1|         512|
    |select_ln212_fu_414_p3    |  select  |      0|  0|    10|           1|          10|
    |select_ln224_1_fu_601_p3  |  select  |      0|  0|   512|           1|         512|
    |select_ln224_2_fu_608_p3  |  select  |      0|  0|    10|           1|          10|
    |select_ln224_fu_593_p3    |  select  |      0|  0|    10|           1|          10|
    |pack_fu_340_p2            |    shl   |      0|  0|  2171|         512|         512|
    |shl_ln212_1_fu_480_p2     |    shl   |      0|  0|  2171|           2|         512|
    |shl_ln212_fu_456_p2       |    shl   |      0|  0|  2171|         512|         512|
    |xor_ln212_1_fu_438_p2     |    xor   |      0|  0|    10|          10|           9|
    |xor_ln212_2_fu_498_p2     |    xor   |      0|  0|   512|           2|         512|
    |xor_ln212_fu_408_p2       |    xor   |      0|  0|    10|          10|           9|
    |xor_ln218_fu_346_p2       |    xor   |      0|  0|     9|           9|           2|
    |xor_ln224_fu_581_p2       |    xor   |      0|  0|    10|          10|           9|
    |xor_ln238_fu_674_p2       |    xor   |      0|  0|     3|           3|           2|
    +--------------------------+----------+-------+---+------+------------+------------+
    |Total                     |          |      0|  0| 17400|        4257|        7335|
    +--------------------------+----------+-------+---+------+------------+------------+

    * Multiplexer: 
    +---------------------------+----+-----------+-----+-----------+
    |            Name           | LUT| Input Size| Bits| Total Bits|
    +---------------------------+----+-----------+-----+-----------+
    |ap_NS_fsm                  |  53|         12|    1|         12|
    |i_0_reg_263                |   9|          2|    6|         12|
    |i_1_reg_274                |   9|          2|    5|         10|
    |i_3_reg_285                |   9|          2|    4|          8|
    |intermediateHash_address0  |  38|          7|    3|         21|
    |intermediateHash_address1  |  33|          6|    3|         18|
    |intermediateHash_ce0       |  15|          3|    1|          3|
    |intermediateHash_ce1       |  15|          3|    1|          3|
    |intermediateHash_d0        |  33|          6|   32|        192|
    |intermediateHash_d1        |  33|          6|   32|        192|
    |intermediateHash_we0       |  15|          3|    1|          3|
    |intermediateHash_we1       |  15|          3|    1|          3|
    |messageBlock_address0      |  15|          3|    4|         12|
    |messageBlock_ce0           |  15|          3|    1|          3|
    |p_Val2_2_reg_251           |   9|          2|  512|       1024|
    +---------------------------+----+-----------+-----+-----------+
    |Total                      | 316|         63|  607|       1516|
    +---------------------------+----+-----------+-----+-----------+

    * Register: 
    +---------------------------------------------+-----+----+-----+-----------+
    |                     Name                    |  FF | LUT| Bits| Const Bits|
    +---------------------------------------------+-----+----+-----+-----------+
    |ap_CS_fsm                                    |   11|   0|   11|          0|
    |grp_processmessageblock_fu_297_ap_start_reg  |    1|   0|    1|          0|
    |i_0_reg_263                                  |    6|   0|    6|          0|
    |i_1_reg_274                                  |    5|   0|    5|          0|
    |i_3_reg_285                                  |    4|   0|    4|          0|
    |i_7_reg_737                                  |    4|   0|    4|          0|
    |i_reg_700                                    |    6|   0|    6|          0|
    |p_Result_3_reg_715                           |  512|   0|  512|          0|
    |p_Val2_2_reg_251                             |  512|   0|  512|          0|
    |trunc_ln212_reg_710                          |    5|   0|    5|          0|
    +---------------------------------------------+-----+----+-----+-----------+
    |Total                                        | 1066|   0| 1066|          0|
    +---------------------------------------------+-----+----+-----+-----------+



================================================================
== Interface
================================================================
* Summary: 
+------------------+-----+-----+------------+--------------+--------------+
|     RTL Ports    | Dir | Bits|  Protocol  | Source Object|    C Type    |
+------------------+-----+-----+------------+--------------+--------------+
|ap_clk            |  in |    1| ap_ctrl_hs |    SM3Calc   | return value |
|ap_rst            |  in |    1| ap_ctrl_hs |    SM3Calc   | return value |
|ap_start          |  in |    1| ap_ctrl_hs |    SM3Calc   | return value |
|ap_done           | out |    1| ap_ctrl_hs |    SM3Calc   | return value |
|ap_idle           | out |    1| ap_ctrl_hs |    SM3Calc   | return value |
|ap_ready          | out |    1| ap_ctrl_hs |    SM3Calc   | return value |
|message_address0  | out |    5|  ap_memory |    message   |     array    |
|message_ce0       | out |    1|  ap_memory |    message   |     array    |
|message_q0        |  in |    8|  ap_memory |    message   |     array    |
|messageLen        |  in |    8|   ap_none  |  messageLen  |    scalar    |
|digest_address0   | out |    3|  ap_memory |    digest    |     array    |
|digest_ce0        | out |    1|  ap_memory |    digest    |     array    |
|digest_we0        | out |    1|  ap_memory |    digest    |     array    |
|digest_d0         | out |   32|  ap_memory |    digest    |     array    |
+------------------+-----+-----+------------+--------------+--------------+

